<?php

namespace Package\Models\Eloquent;

use Illuminate\Database\Eloquent\Factories\HasFactory;
use Illuminate\Database\Eloquent\HasBuilder;
use Illuminate\Database\Eloquent\Model;
use Package\Models\Builder\UserBuilder;

class UserEloquent extends Model
{
    use HasFactory;
    /** @use HasBuilder<UserBuilder> */
    use HasBuilder;

    protected static string $builder = UserBuilder::class;
}
