<?php

namespace Package\Models\Eloquent;

use Illuminate\Database\Eloquent\Factories\HasFactory;
use Illuminate\Database\Eloquent\Model;
use Package\Models\Builder\UserBuilder;

/**
 * @method static UserBuilder query()
 */
class UserEloquent extends Model
{
    use HasFactory;

    public function newEloquentBuilder($query): UserBuilder
    {
        return new UserBuilder($query);
    }
}
